gens=40 games/gen=80 depth=2 epochs=3 gate-pairs=24 blend=0
ARCH menu [16, 32, 64, 128, 256, 512]  start rung 0 (width 16)  arch-every 4  cost-budget 4000 nodes
clock budget: 4000 x 442ns = 1.77ms per move (measured on the seed net)
gen   1  pos  11993  train    33 (h 10)  dec   4/80   loss 0.0499  gate 1W-46D-1L 0.500+/-0.029  reject  [1s]
gen   2  pos  10742  train   155 (h 15)  dec  15/80   loss 0.0124  gate 2W-43D-3L 0.490+/-0.046  reject  [1s]
gen   3  pos  11432  train   157 (h 20)  dec  10/80   loss 0.0125  gate 2W-43D-3L 0.490+/-0.046  reject  [1s]
      ARCH w 16 -> w 32 (4 ep, loss 0.8365 vs 0.8602, paired z 0.20)  fixed-cost 0.500+/-0.062 ok  clock 0.500+/-0.062 [3803 vs 4277 nodes] ok  [gates blind, surrogate decides] => hold
gen   4  pos  12118  train    58 (h 25)  dec   3/80   loss 0.0234  gate 3W-40D-5L 0.479+/-0.058  ACCEPT  [1s]
gen   5  pos  10511  train   231 (h 30)  dec  15/80   loss 0.0079  gate 1W-42D-5L 0.458+/-0.048  reject  [1s]
gen   6  pos  10989  train   198 (h 35)  dec  11/80   loss 0.0656  gate 1W-46D-1L 0.500+/-0.029  reject  [1s]
gen   7  pos  10611  train   267 (h 40)  dec  14/80   loss 0.0128  gate 8W-39D-1L 0.573+/-0.055  reject  [1s]
      ARCH w 16 -> w 32 (2 ep, loss 0.6285 vs 0.8102, paired z 2.58)  fixed-cost 0.510+/-0.020 ok  clock 0.500+/-0.062 [3670 vs 4351 nodes] ok  [gates blind, surrogate decides] => STEP
gen   8  pos  11361  train   150 (h 45)  dec   8/80   loss 0.0054  gate 5W-41D-2L 0.531+/-0.054  reject  [1s]
gen   9  pos  10997  train    38 (h 50)  dec   1/80   loss 0.0010  gate 1W-46D-1L 0.500+/-0.029  reject  [1s]
      control vs origin @gen 10: 3W-42D-3L  rate 0.500 +/- 0.062
gen  10  pos  10800  train    83 (h 55)  dec   3/80   loss 0.0004  gate 1W-47D-0L 0.510+/-0.020  reject  [1s]
gen  11  pos  10545  train    81 (h 60)  dec   4/80   loss 0.0127  gate 1W-47D-0L 0.510+/-0.020  reject  [1s]
      ARCH w 32 -> w 64 (2 ep, loss 0.4709 vs 0.6306, paired z 2.60)  fixed-cost 0.500+/-0.062 ok  clock 0.500+/-0.062 [2938 vs 3525 nodes] ok  [gates blind, surrogate decides] => STEP
gen  12  pos  10838  train     3 (h 65)  dec   1/80   loss 0.0042  gate 2W-44D-2L 0.500+/-0.029  reject  [1s]
gen  13  pos  11139  train    90 (h 70)  dec   4/80   loss 0.0009  gate 1W-46D-1L 0.500+/-0.029  reject  [1s]
gen  14  pos  11338  train    81 (h 75)  dec   3/80   loss 0.0008  gate 0W-47D-1L 0.490+/-0.020  reject  [1s]
gen  15  pos  11331  train    58 (h 80)  dec   2/80   loss 0.0008  gate 2W-46D-0L 0.521+/-0.028  reject  [1s]
      ARCH w 64 -> w 32: held-out 0.6810 vs champ 0.5519 -- surrogate filter, no gate
gen  16  pos  11395  train    58 (h 85)  dec   2/80   loss 0.0005  gate 1W-46D-1L 0.500+/-0.029  reject  [1s]
gen  17  pos  11774  train    62 (h 90)  dec   1/80   loss 0.0007  gate 0W-48D-0L 0.500+/-0.062  reject  [1s]
gen  18  pos  11444  train     9 (h 95)  dec   2/80   loss 0.0020  gate 2W-46D-0L 0.521+/-0.028  reject  [1s]
gen  19  pos  11061  train   228 (h100)  dec   7/80   loss 0.0253  gate 2W-45D-1L 0.510+/-0.036  reject  [1s]
      ARCH w 64 -> w128: held-out 0.8487 vs champ 0.5782 -- surrogate filter, no gate
      control vs origin @gen 20: 2W-44D-2L  rate 0.500 +/- 0.062
gen  20  pos  11327  train    84 (h105)  dec   3/80   loss 0.0012  gate 3W-45D-0L 0.531+/-0.034  reject  [1s]
gen  21  pos  11237  train   176 (h110)  dec   5/80   loss 0.0005  gate 2W-45D-1L 0.510+/-0.036  reject  [1s]
gen  22  pos  11261  train    91 (h115)  dec   3/80   loss 0.0139  gate 0W-44D-4L 0.458+/-0.038  reject  [1s]
gen  23  pos  11341  train    95 (h120)  dec   3/80   loss 0.0009  gate 1W-47D-0L 0.510+/-0.020  reject  [1s]
      ARCH w 64 -> w 32: held-out 1.2651 vs champ 0.8095 -- surrogate filter, no gate
gen  24  pos  11272  train   107 (h125)  dec   3/80   loss 0.0044  gate 0W-47D-1L 0.490+/-0.020  reject  [1s]
gen  25  pos  11207  train   133 (h130)  dec   4/80   loss 0.0005  gate 4W-44D-0L 0.542+/-0.038  ACCEPT  [1s]
gen  26  pos  11022  train   230 (h135)  dec   7/80   loss 0.0056  gate 0W-47D-1L 0.490+/-0.020  reject  [1s]
gen  27  pos  10842  train   222 (h140)  dec   7/80   loss 0.0358  gate 3W-45D-0L 0.531+/-0.034  reject  [1s]
      ARCH w 64 -> w128 (1 ep, loss 1.1243 vs 2.0644, paired z 9.14)  fixed-cost 0.500+/-0.062 ok  clock 0.500+/-0.062 [2298 vs 2931 nodes] ok  [gates blind, surrogate decides] => STEP
gen  28  pos  10847  train   199 (h145)  dec   6/80   loss 0.0003  gate 0W-44D-4L 0.458+/-0.038  reject  [1s]
gen  29  pos  11132  train   287 (h150)  dec   8/80   loss 0.2364  gate 4W-44D-0L 0.542+/-0.038  ACCEPT  [2s]
      control vs origin @gen 30: 1W-46D-1L  rate 0.500 +/- 0.062
gen  30  pos  11084  train   328 (h155)  dec  10/80   loss 0.0005  gate 3W-41D-4L 0.490+/-0.055  ACCEPT  [1s]
gen  31  pos  11044  train    63 (h160)  dec   2/80   loss 0.0002  gate 3W-42D-3L 0.500+/-0.062  reject  [1s]
      ARCH w128 -> w 64: held-out 0.9978 vs champ 0.9586 -- surrogate filter, no gate
gen  32  pos  10943  train   189 (h165)  dec   6/80   loss 0.0160  gate 1W-47D-0L 0.510+/-0.020  reject  [2s]
gen  33  pos  11398  train    74 (h170)  dec   3/80   loss 0.0009  gate 3W-44D-1L 0.521+/-0.041  reject  [2s]
gen  34  pos  11091  train   107 (h175)  dec   3/80   loss 0.0007  gate 0W-47D-1L 0.490+/-0.020  reject  [1s]
gen  35  pos  11065  train   246 (h180)  dec   6/80   loss 0.0060  gate 2W-45D-1L 0.510+/-0.036  reject  [1s]
      ARCH w128 -> w256 (3 ep, loss 0.8690 vs 1.0960, paired z 4.17)  fixed-cost 0.490+/-0.020 ok  clock 0.500+/-0.062 [1255 vs 2194 nodes] ok  [gates blind, surrogate decides] => STEP
gen  36  pos  11198  train   157 (h185)  dec   5/80   loss 0.0004  gate 3W-45D-0L 0.531+/-0.034  reject  [2s]
gen  37  pos  12071  train     0 (h190)  dec   0/80   loss 0.0000  gate 1W-46D-1L 0.500+/-0.062  reject  [3s]
gen  38  pos  11719  train    36 (h195)  dec   1/80   loss 0.0013  gate 2W-46D-0L 0.521+/-0.028  reject  [3s]
gen  39  pos  11973  train     0 (h200)  dec   0/80   loss 0.0000  gate 1W-46D-1L 0.500+/-0.062  reject  [3s]
      ARCH w256 -> w128: held-out 0.8771 vs champ 0.8494 -- surrogate filter, no gate
      control vs origin @gen 40: 1W-46D-1L  rate 0.500 +/- 0.062
gen  40  pos  11887  train    78 (h205)  dec   2/80   loss 0.0188  gate 0W-47D-1L 0.490+/-0.020  reject  [3s]

ARCH: started at width 16 (rung 0), finished at width 256 (rung 4); 4 of 10 proposed steps passed both gates

CONTROL  final champion vs the ORIGINAL random net: 8W-80D-8L  rate 0.500 +/- 0.031
  => NOT PROVEN: interval includes 0.5, so no learning is demonstrated
