gens=60 games/gen=10000 depth=2 epochs=3 gate-pairs=32 blend=0
ARCH menu [16, 32, 64, 128, 256, 512]  start rung 0 (width 16)  arch-every 6  cost-budget 4000 nodes
clock budget: 4000 x 479ns = 1.91ms per move (measured on the seed net)
gate coverage: 4000 nodes vs 7061 for a full depth-4 search from startpos = 57%
gen   1  pos 1416214  train 12195 (h 10)  dec 1524/10000  loss 0.0404  gate 11W-52D-1L 0.578+/-0.051  ACCEPT  [34s]
gen   2  pos 1394440  train 19395 (h 15)  dec 1654/10000  loss 0.0233  gate 9W-53D-2L 0.555+/-0.048  ACCEPT  [37s]
gen   3  pos 1313088  train 32793 (h 20)  dec 2163/10000  loss 0.0520  gate 9W-54D-1L 0.562+/-0.044  ACCEPT  [38s]
gen   4  pos 1344038  train 39688 (h 25)  dec 2112/10000  loss 0.0986  gate 4W-57D-3L 0.508+/-0.041  reject  [39s]
gen   5  pos 1350444  train 45664 (h 30)  dec 2034/10000  loss 0.1185  gate 6W-56D-2L 0.531+/-0.036  reject  [39s]
      ARCH w 16 -> w 32 (1 ep, loss 0.4715 vs 0.7086, paired z 11.53)  fixed-cost 0.570+/-0.047 ok  clock 0.520+/-0.049 [3748 vs 4279 nodes]  => hold
gen   6  pos 1342027  train 54690 (h 35)  dec 2126/10000  loss 0.1550  gate 8W-51D-5L 0.523+/-0.055  reject  [39s]
gen   7  pos 1342815  train 62563 (h 40)  dec 2146/10000  loss 0.2178  gate 6W-55D-3L 0.523+/-0.051  reject  [39s]
gen   8  pos 1346339  train 59821 (h 40)  dec 2064/10000  loss 0.2011  gate 6W-52D-6L 0.500+/-0.054  ACCEPT  [39s]
gen   9  pos 1318831  train 81338 (h 40)  dec 2790/10000  loss 0.1708  gate 9W-54D-1L 0.562+/-0.049  ACCEPT  [33s]
      control vs origin @gen 10: 179W-68D-73L  rate 0.666 +/- 0.044  *
gen  10  pos 1338016  train 76422 (h 40)  dec 2604/10000  loss 0.1888  gate 8W-51D-5L 0.523+/-0.051  reject  [37s]
gen  11  pos 1349045  train 72840 (h 40)  dec 2468/10000  loss 0.1703  gate 5W-58D-1L 0.531+/-0.036  reject  [37s]
      ARCH w 16 -> w 32 (1 ep, loss 0.4500 vs 0.6144, paired z 8.12)  fixed-cost 0.536+/-0.051 ok  clock 0.481+/-0.048 [3797 vs 4332 nodes] ok  [gates blind, surrogate decides] => STEP
gen  12  pos 1341913  train 74968 (h 40)  dec 2547/10000  loss 0.1701  gate 9W-53D-2L 0.555+/-0.048  ACCEPT  [37s]
gen  13  pos 1246516  train 110133 (h 40)  dec 3703/10000  loss 0.1481  gate 6W-48D-10L 0.469+/-0.072  reject  [46s]
gen  14  pos 1256752  train 107752 (h 40)  dec 3613/10000  loss 0.1444  gate 1W-49D-14L 0.398+/-0.065  reject  [46s]
gen  15  pos 1255628  train 108282 (h 40)  dec 3636/10000  loss 0.1385  gate 6W-45D-13L 0.445+/-0.065  reject  [46s]
gen  16  pos 1254754  train 107534 (h 40)  dec 3613/10000  loss 0.1346  gate 1W-49D-14L 0.398+/-0.053  reject  [46s]
gen  17  pos 1248242  train 110382 (h 40)  dec 3710/10000  loss 0.1452  gate 4W-45D-15L 0.414+/-0.068  reject  [46s]
